Starting test...

Testing 3 concurrent requests with shared client:
Request 1 starting...
Request 2 starting...
Request 3 starting...
Request 1: SUCCESS
Request 2: SUCCESS
Request 3: SUCCESS
Completed: 3/3 in 0.2s

Done!
